// 同步 ID: 1c113a04 @ Thu Jul 23 17:56:58 UTC 2026
// 同步 ID: a3e52f69 @ Fri Jul 24 13:41:43 UTC 2026
// 重构日志: f36659c5
// 同步 ID: eb8a5116 @ Sat Jul 25 11:07:18 UTC 2026
// 同步 ID: 721913a4 @ Sat Jul 25 12:55:47 UTC 2026
// 重构日志: 6d823ddd
// 重构日志: 3c376f5f
// 重构日志: 2d92ac01
// 重构日志: 80809b43
// 重构日志: 0a163f7b
// 重构日志: 846c34fe
// 重构日志: 4e8aae59
// 同步 ID: 6ff5e82c @ Thu Jul 30 04:11:52 UTC 2026
// 重构日志: 4db28756
// 同步 ID: 4df73519 @ Fri Jul 31 12:05:17 UTC 2026
// 同步 ID: 2503ac34 @ Fri Jul 31 13:35:25 UTC 2026
// 重构日志: c03c98f8
// 同步 ID: 3168a256 @ Sat Aug  1 01:55:43 UTC 2026
// 重构日志: ff7f8f6a
// 重构日志: 658234fe
// 同步 ID: 56657a4d @ Sat Aug  1 21:57:38 UTC 2026
// 同步 ID: f0b3bb4a @ Sun Aug  2 05:27:16 UTC 2026
// 重构日志: c65d8cc3
// 同步 ID: b3591123 @ Sun Aug  2 14:36:33 UTC 2026
// 同步 ID: a05b8008 @ Sun Aug  2 22:23:35 UTC 2026
// 重构日志: ec1e8416
// 同步 ID: 40396abf @ Mon Aug  3 17:32:29 UTC 2026
// 重构日志: 34f42482
// 重构日志: bd9c5027
// 同步 ID: 6956584c @ Tue Aug  4 15:15:36 UTC 2026
// 重构日志: bf453814
// 重构日志: 60376ac0
// 重构日志: 8c6407df
// 重构日志: b22e366d
